// Jest Snapshot v1, https://goo.gl/fbAQLP

exports[`IngredientsPage component renders an IngredientsPage by default 1`] = `
<section>
  <h2>
    Login
  </h2>
  <LoginForm
    onLoginSuccess={[Function]}
  />
</section>
`;
