// Jest Snapshot v1, https://goo.gl/fbAQLP

exports[`LandingPage component renders a LandingPage by default 1`] = `
<Fragment>
  <section
    className="landingPage"
  >
    <div
      className="hero"
    >
      <div>
        <p
          className="aboutArrow"
        >
          â†‘
        </p>
        <p>
          Click the lemon to learn more
        </p>
      </div>
      <h1
        className="heroTitle"
      >
        LemonAid
      </h1>
      <h1
        className="startHere"
      >
        Search and Add Ingredients
      </h1>
      <br />
    </div>
    <section
      className="ingredientsContainer"
    >
      <IngredientsPage
        match={
          Object {
            "params": Object {},
          }
        }
      />
    </section>
  </section>
</Fragment>
`;
